[nivel]
origen=terrenogen.png
al=12
an=32
mapa= #####################################################################################################################
      #........................................C....................T......................T..........#####################
      #...............T..........T.........................T.............C............................#####################
      #..................a............C.....T......................C..................................#####################
      #.............................................................................T......C..........#####################
      #..................a................a............a.....C........................................#####################
      #..........a....a............................a.....a............................................#####################
      #............................................a..................................................#####################
      ##########################################################################################......#####################
      #..................a..a................a........................................................#####################
      #.........................a..............a......................................................#####################
      #..........a.....####################################################################################################
      #................####################################################################################################
      #.....C..........####################################################################################################
      #.........C......###########################################....................................#####################
      #................###########################################........C....T....C.................#####################
      #................###########################################....................................#####################
      #...........................T..........C..........T.................C....................C......#####################
      #...............................................................................................#####################
      ###################################################################################.............#####################
      #...............................................................................................#####################
      #...............................................................................................#####################
      #.........###########################################################################################################
      #.........#######################################...............................................#####################
      #.........#######################################...............................................#####################
      #............................a..................#...............................................#####################
      #.........a.....................................#...............................................#####################
      #.................T...........a....a..T.........#........................................X......#####################
      #.............T...........T.........a...........#...............................................#####################
      #.......................C.......................#...............................................#####################
      #..........a.....C.............C......C.........#...............................................#####################
      #..C............................................#...............................................#####################
      #................a..............................#...............................................#####################
      #........................a......................................................................#####################
      #...............................................................................................#####################
      #####################################################################################################################
      #####################################################################################################################
[.]
nom=pasto
x=17
y=9
muro=0

[#]
nom=bloque
x=9
y=9
muro=1

[a]
nom=agua
x=8
y=9
muro=0

[C]
origen='adds5.png'
x=17
y=9

[T]
x=8
y=9

[X]
x=8
y=9
